// Jest Snapshot v1, https://goo.gl/fbAQLP

exports[`Comp t1 1`] = `"<div>test</div>"`;
