// Jest Snapshot v1, https://goo.gl/fbAQLP

exports[`SomeComponent snapshot 1`] = `
<div>
  test
</div>
`;
