// Jest Snapshot v1, https://goo.gl/fbAQLP

exports[`Header match snapshot 1`] = `
<div>
  2019-11-24T00:00:00.000Z
</div>
`;
